
> globalpulse@0.0.0 build
> vite build

[36mvite v5.4.21 [32mbuilding for production...[36m[39m
transforming...
[32mÔ£ô[39m 3 modules transformed.
node.exe : 
[31mx[39m Build 
failed in 212ms
In Zeile:1 Zeichen:1
+ & "C:\Program Files\
nodejs/node.exe" 
"C:\Program 
Files\nodejs/node_mo 
...
+ ~~~~~~~~~~~~~~~~~~~~
~~~~~~~~~~~~~~~~~~~~~~
~~~~~~~~~~~~~~~~~~~~~~
~~~~~
    + CategoryInfo    
          : NotSpeci  
  fied: ([31mx[39   
 m Build failed in    
 212ms:String) []    
, RemoteException
    + FullyQualifiedE 
   rrorId : NativeCo  
  mmandError
 
[31merror during 
build:
[31m[vite:css] 
[postcss] It looks 
like you're trying to 
use `tailwindcss` 
directly as a PostCSS 
plugin. The PostCSS 
plugin has moved to a 
separate package, so 
to continue using 
Tailwind CSS with 
PostCSS you'll need 
to install `@tailwindc
ss/postcss` and 
update your PostCSS 
configuration.[31m
file: [36mC:/Users/oa
rsl/Desktop/GlobalPuls
e/src/index.css:undefi
ned:NaN[31m
    at at (C:\Users\oa
rsl\Desktop\GlobalPuls
e\node_modules\tailwin
dcss\dist\lib.js:38:16
43)
    at 
LazyResult.runOnRoot (
C:\Users\oarsl\Desktop
\GlobalPulse\node_modu
les\postcss\lib\lazy-r
esult.js:361:16)
    at 
LazyResult.runAsync (C
:\Users\oarsl\Desktop\
GlobalPulse\node_modul
es\postcss\lib\lazy-re
sult.js:290:26)
    at 
LazyResult.async (C:\U
sers\oarsl\Desktop\Glo
balPulse\node_modules\
postcss\lib\lazy-resul
t.js:192:30)
    at 
LazyResult.then (C:\Us
ers\oarsl\Desktop\Glob
alPulse\node_modules\p
ostcss\lib\lazy-result
.js:436:17)
    at async 
compileCSS (file:///C:
/Users/oarsl/Desktop/G
lobalPulse/node_module
s/vite/dist/node/chunk
s/dep-BK3b2jBa.js:3689
8:21)
    at async 
Object.transform (file
:///C:/Users/oarsl/Des
ktop/GlobalPulse/node_
modules/vite/dist/node
/chunks/dep-BK3b2jBa.j
s:36171:11)
    at async 
transform (file:///C:/
Users/oarsl/Desktop/Gl
obalPulse/node_modules
/rollup/dist/es/shared
/node-entry.js:21269:1
6)
    at async ModuleLoa
der.addModuleSource (f
ile:///C:/Users/oarsl/
Desktop/GlobalPulse/no
de_modules/rollup/dist
/es/shared/node-entry.
js:21497:36)[39m
